// Jest Snapshot v1, https://goo.gl/fbAQLP

exports[`Login Page should compile 1`] = `
<bc-login-page
  error$={[Function Store]}
  pending$={[Function Store]}
  store={[Function MockStore]}
>
  <bc-login-form>
    <mat-card
      class="mat-card _mat-animation-noopable"
    >
      <mat-card-title
        class="mat-card-title"
      >
        Login
      </mat-card-title>
      <mat-card-content
        class="mat-card-content"
      >
        <form
          class="ng-untouched ng-pristine ng-valid"
          novalidate=""
        >
          <p>
            <mat-form-field
              class="mat-form-field ng-tns-c1-0 mat-primary mat-form-field-type-mat-input mat-form-field-appearance-legacy mat-form-field-can-float mat-form-field-should-float mat-form-field-has-label mat-form-field-hide-placeholder ng-untouched ng-pristine ng-valid _mat-animation-noopable"
            >
              <div
                class="mat-form-field-wrapper"
              >
                <div
                  class="mat-form-field-flex"
                >
                  
                  
                  <div
                    class="mat-form-field-infix"
                  >
                    <input
                      aria-invalid="false"
                      aria-required="false"
                      class="mat-input-element mat-form-field-autofill-control cdk-text-field-autofill-monitored ng-untouched ng-pristine ng-valid"
                      formcontrolname="username"
                      id="mat-input-0"
                      matinput=""
                      placeholder="Username"
                      type="text"
                    />
                    <span
                      class="mat-form-field-label-wrapper"
                    >
                      
                      <label
                        aria-owns="mat-input-0"
                        class="mat-form-field-label ng-tns-c1-0 ng-star-inserted"
                        for="mat-input-0"
                        id="mat-form-field-label-1"
                      >
                        
                        
                        <span
                          class="ng-tns-c1-0 ng-star-inserted"
                        >
                          Username
                        </span>
                        
                        
                      </label>
                    </span>
                  </div>
                  
                </div>
                
                <div
                  class="mat-form-field-underline ng-tns-c1-0 ng-star-inserted"
                >
                  <span
                    class="mat-form-field-ripple"
                  />
                </div>
                <div
                  class="mat-form-field-subscript-wrapper"
                >
                  
                  
                  <div
                    class="mat-form-field-hint-wrapper ng-tns-c1-0 ng-trigger ng-trigger-transitionMessages ng-star-inserted"
                    style="opacity:1;transform:translateY(0%);0:opacity;1:transform;"
                  >
                    
                    <div
                      class="mat-form-field-hint-spacer"
                    />
                  </div>
                </div>
              </div>
            </mat-form-field>
          </p>
          <p>
            <mat-form-field
              class="mat-form-field ng-tns-c1-1 mat-primary mat-form-field-type-mat-input mat-form-field-appearance-legacy mat-form-field-can-float mat-form-field-has-label mat-form-field-hide-placeholder ng-untouched ng-pristine ng-valid _mat-animation-noopable"
            >
              <div
                class="mat-form-field-wrapper"
              >
                <div
                  class="mat-form-field-flex"
                >
                  
                  
                  <div
                    class="mat-form-field-infix"
                  >
                    <input
                      aria-invalid="false"
                      aria-required="false"
                      class="mat-input-element mat-form-field-autofill-control cdk-text-field-autofill-monitored ng-untouched ng-pristine ng-valid"
                      formcontrolname="password"
                      id="mat-input-1"
                      matinput=""
                      placeholder="Password"
                      type="password"
                    />
                    <span
                      class="mat-form-field-label-wrapper"
                    >
                      
                      <label
                        aria-owns="mat-input-1"
                        class="mat-form-field-label ng-tns-c1-1 mat-empty mat-form-field-empty ng-star-inserted"
                        for="mat-input-1"
                        id="mat-form-field-label-3"
                      >
                        
                        
                        <span
                          class="ng-tns-c1-1 ng-star-inserted"
                        >
                          Password
                        </span>
                        
                        
                      </label>
                    </span>
                  </div>
                  
                </div>
                
                <div
                  class="mat-form-field-underline ng-tns-c1-1 ng-star-inserted"
                >
                  <span
                    class="mat-form-field-ripple"
                  />
                </div>
                <div
                  class="mat-form-field-subscript-wrapper"
                >
                  
                  
                  <div
                    class="mat-form-field-hint-wrapper ng-tns-c1-1 ng-trigger ng-trigger-transitionMessages ng-star-inserted"
                    style="opacity:1;transform:translateY(0%);0:opacity;1:transform;"
                  >
                    
                    <div
                      class="mat-form-field-hint-spacer"
                    />
                  </div>
                </div>
              </div>
            </mat-form-field>
          </p>
          
          <p
            class="loginButtons"
          >
            <button
              class="mat-button mat-button-base _mat-animation-noopable"
              mat-button=""
              type="submit"
            >
              <span
                class="mat-button-wrapper"
              >
                Login
              </span>
              <div
                class="mat-button-ripple mat-ripple"
                matripple=""
              />
              <div
                class="mat-button-focus-overlay"
              />
            </button>
          </p>
        </form>
      </mat-card-content>
    </mat-card>
  </bc-login-form>
</bc-login-page>
`;
