// Vitest Snapshot v1, https://vitest.dev/guide/snapshot.html

exports[`Login Page > should compile 1`] = `
<bc-login-page>
  <bc-login-form
    _nghost-a-c1882380116=""
  >
    <mat-card
      _ngcontent-a-c1882380116=""
      class="mat-mdc-card mdc-card"
    >
      <mat-card-title
        _ngcontent-a-c1882380116=""
        class="mat-mdc-card-title"
      >
        Login
      </mat-card-title>
      <mat-card-content
        _ngcontent-a-c1882380116=""
        class="mat-mdc-card-content"
      >
        <form
          _ngcontent-a-c1882380116=""
          class="ng-untouched ng-pristine ng-valid"
          novalidate=""
        >
          <p
            _ngcontent-a-c1882380116=""
          >
            <mat-form-field
              _ngcontent-a-c1882380116=""
              class="mat-mdc-form-field mat-mdc-form-field-type-mat-input mat-form-field-appearance-fill mat-primary ng-untouched ng-pristine ng-valid"
            >
              <!--container-->
            </mat-form-field>
          </p>
          <div
            class="mat-mdc-text-field-wrapper mdc-text-field mdc-text-field--filled mdc-text-field--no-label"
          >
            <div
              class="mat-mdc-form-field-focus-overlay"
            />
            <!--container-->
            <div
              class="mat-mdc-form-field-flex"
            >
              <!--container-->
              <!--container-->
              <!--container-->
              <div
                class="mat-mdc-form-field-infix"
              >
                <!--container-->
                <!--container-->
                <!--container-->
                <input
                  _ngcontent-a-c1882380116=""
                  aria-invalid="false"
                  aria-required="false"
                  class="mat-mdc-input-element mat-mdc-form-field-input-control mdc-text-field__input ng-untouched ng-pristine ng-valid cdk-text-field-autofill-monitored"
                  formcontrolname="username"
                  id="mat-input-a0"
                  matinput=""
                  placeholder="Username"
                  type="text"
                />
              </div>
              <!--container-->
              <!--container-->
            </div>
            <div
              class="mdc-line-ripple mdc-line-ripple--deactivating"
              matformfieldlineripple=""
            />
            <!--container-->
          </div>
          <div
            aria-atomic="true"
            aria-live="polite"
            class="mat-mdc-form-field-subscript-wrapper mat-mdc-form-field-bottom-align"
          >
            <!--container-->
            <div
              class="mat-mdc-form-field-hint-wrapper"
            >
              <!--container-->
              <div
                class="mat-mdc-form-field-hint-spacer"
              />
            </div>
            <!--container-->
          </div>
          <p />
          <p
            _ngcontent-a-c1882380116=""
          >
            <mat-form-field
              _ngcontent-a-c1882380116=""
              class="mat-mdc-form-field mat-mdc-form-field-type-mat-input mat-form-field-appearance-fill mat-primary ng-untouched ng-pristine ng-valid"
            >
              <!--container-->
            </mat-form-field>
          </p>
          <div
            class="mat-mdc-text-field-wrapper mdc-text-field mdc-text-field--filled mdc-text-field--no-label"
          >
            <div
              class="mat-mdc-form-field-focus-overlay"
            />
            <!--container-->
            <div
              class="mat-mdc-form-field-flex"
            >
              <!--container-->
              <!--container-->
              <!--container-->
              <div
                class="mat-mdc-form-field-infix"
              >
                <!--container-->
                <!--container-->
                <!--container-->
                <input
                  _ngcontent-a-c1882380116=""
                  aria-invalid="false"
                  aria-required="false"
                  class="mat-mdc-input-element mat-mdc-form-field-input-control mdc-text-field__input ng-untouched ng-pristine ng-valid cdk-text-field-autofill-monitored"
                  formcontrolname="password"
                  id="mat-input-a1"
                  matinput=""
                  placeholder="Password"
                  type="password"
                />
              </div>
              <!--container-->
              <!--container-->
            </div>
            <div
              class="mdc-line-ripple mdc-line-ripple--deactivating"
              matformfieldlineripple=""
            />
            <!--container-->
          </div>
          <div
            aria-atomic="true"
            aria-live="polite"
            class="mat-mdc-form-field-subscript-wrapper mat-mdc-form-field-bottom-align"
          >
            <!--container-->
            <div
              class="mat-mdc-form-field-hint-wrapper"
            >
              <!--container-->
              <div
                class="mat-mdc-form-field-hint-spacer"
              />
            </div>
            <!--container-->
          </div>
          <p />
          <!--container-->
          <div
            _ngcontent-a-c1882380116=""
            class="login-buttons"
          >
            <button
              _ngcontent-a-c1882380116=""
              class="mdc-button mat-mdc-button-base mat-mdc-button mat-unthemed _mat-animation-noopable"
              mat-button=""
              mat-ripple-loader-class-name="mat-mdc-button-ripple"
              mat-ripple-loader-uninitialized=""
              type="submit"
            >
              <span
                class="mat-mdc-button-persistent-ripple mdc-button__ripple"
              />
              <span
                class="mdc-button__label"
              >
                Login
              </span>
              <span
                class="mat-focus-indicator"
              />
              <span
                class="mat-mdc-button-touch-target"
              />
            </button>
          </div>
        </form>
      </mat-card-content>
    </mat-card>
  </bc-login-form>
</bc-login-page>
`;
