// Jest Snapshot v1, https://goo.gl/fbAQLP

exports[`Router Store ng-add Schematic Router Store ng-add Schematic for standalone application provides initial setup 1`] = `
"import { ApplicationConfig, provideBrowserGlobalErrorListeners } from '@angular/core';
import { provideRouterStore } from '@ngrx/router-store';

export const appConfig: ApplicationConfig = {
  providers: [
    provideBrowserGlobalErrorListeners(),
    provideRouterStore()
]
};
"
`;
