// Jest Snapshot v1, https://goo.gl/fbAQLP

exports[`AuthReducer LOGIN_SUCCESS should add a user set loggedIn to true in auth state 1`] = `
Object {
  "loggedIn": true,
  "user": Object {
    "name": "test",
  },
}
`;

exports[`AuthReducer LOGOUT should logout a user 1`] = `
Object {
  "loggedIn": false,
  "user": null,
}
`;

exports[`AuthReducer undefined action should return the default state 1`] = `
Object {
  "loggedIn": false,
  "user": null,
}
`;

exports[`AuthReducer wrong login payload should NOT authenticate a user 1`] = `
Object {
  "loggedIn": false,
  "user": null,
}
`;
