// Vitest Snapshot v1, https://vitest.dev/guide/snapshot.html

exports[`Logout Confirmation Dialog > should compile 1`] = `
<undefined>
  <h2
    class="mat-mdc-dialog-title mdc-dialog__title"
    id="mat-mdc-dialog-title-a0"
    mat-dialog-title=""
  >
    Logout
  </h2>
  <mat-dialog-content
    class="mat-mdc-dialog-content mdc-dialog__content"
  >
    Are you sure you want to logout?
  </mat-dialog-content>
  <mat-dialog-actions
    class="mat-mdc-dialog-actions mdc-dialog__actions"
  >
    <button
      class="mdc-button mat-mdc-button-base mat-mdc-button mat-unthemed"
      mat-button=""
      mat-ripple-loader-class-name="mat-mdc-button-ripple"
      mat-ripple-loader-uninitialized=""
      type="button"
    >
      <span
        class="mat-mdc-button-persistent-ripple mdc-button__ripple"
      />
      <span
        class="mdc-button__label"
      >
        Cancel
      </span>
      <span
        class="mat-focus-indicator"
      />
      <span
        class="mat-mdc-button-touch-target"
      />
    </button>
    <button
      class="mdc-button mat-mdc-button-base mat-mdc-button mat-unthemed"
      mat-button=""
      mat-ripple-loader-class-name="mat-mdc-button-ripple"
      mat-ripple-loader-uninitialized=""
      type="button"
    >
      <span
        class="mat-mdc-button-persistent-ripple mdc-button__ripple"
      />
      <span
        class="mdc-button__label"
      >
        OK
      </span>
      <span
        class="mat-focus-indicator"
      />
      <span
        class="mat-mdc-button-touch-target"
      />
    </button>
  </mat-dialog-actions>
</undefined>
`;
