// Jest Snapshot v1, https://goo.gl/fbAQLP

exports[`Collection Page should compile 1`] = `
<bc-collection-page
  __ngContext__={[Function LRootView]}
  books$={[Function Store]}
  store={[Function MockStore]}
>
  <mat-card
    class="mat-card mat-focus-indicator _mat-animation-noopable"
  >
    <mat-card-title
      class="mat-card-title"
    >
      My Collection
    </mat-card-title>
  </mat-card><bc-book-preview-list>
  </bc-book-preview-list>
</bc-collection-page>
`;
