// Vitest Snapshot v1, https://vitest.dev/guide/snapshot.html

exports[`Collection Page > should compile 1`] = `
<bc-collection-page>
  <mat-card
    class="mat-mdc-card mdc-card"
  >
    <mat-card-title
      class="mat-mdc-card-title"
    >
      My Collection
    </mat-card-title>
  </mat-card>
  <bc-book-preview-list>
    
  </bc-book-preview-list>
</bc-collection-page>
`;
