// Jest Snapshot v1, https://goo.gl/fbAQLP

exports[`Find Book Page should compile 1`] = `
<bc-find-book-page
  books$={[Function Store]}
  error$={[Function Store]}
  loading$={[Function Store]}
  searchQuery$={[Function Store]}
  store={[Function MockStore]}
>
  <bc-book-search>
    <mat-card
      class="mat-mdc-card mdc-card"
    >
      <mat-card-title
        class="mat-mdc-card-title"
      >
        Find a Book
      </mat-card-title>
      <mat-card-content
        class="mat-mdc-card-content"
      >
        <mat-form-field
          class="mat-mdc-form-field mat-mdc-form-field-type-mat-input mat-form-field-no-animations mat-form-field-appearance-fill mat-primary"
        >
          <div
            class="mat-mdc-text-field-wrapper mdc-text-field mdc-text-field--filled mdc-text-field--no-label"
          >
            <div
              class="mat-mdc-form-field-focus-overlay"
            />
            <div
              class="mat-mdc-form-field-flex"
            >
              <div
                class="mat-mdc-form-field-infix"
              >
                <input
                  aria-invalid="false"
                  aria-required="false"
                  class="mat-mdc-input-element mat-mdc-form-field-input-control mdc-text-field__input cdk-text-field-autofill-monitored"
                  matinput=""
                  placeholder="Search for a book"
                />
              </div>
            </div>
            <div
              class="mdc-line-ripple mdc-line-ripple--deactivating"
              matformfieldlineripple=""
            />
          </div>
          <div
            class="mat-mdc-form-field-subscript-wrapper mat-mdc-form-field-bottom-align"
          >
            <div
              class="mat-mdc-form-field-hint-wrapper ng-trigger ng-trigger-transitionMessages"
              style="opacity: 1; transform: translateY(0%);"
            >
              <div
                class="mat-mdc-form-field-hint-spacer"
              />
            </div>
          </div>
        </mat-form-field>
        <mat-spinner
          aria-valuemax="100"
          aria-valuemin="0"
          class="mat-mdc-progress-spinner mdc-circular-progress mat-primary _mat-animation-noopable mdc-circular-progress--indeterminate"
          mode="indeterminate"
          role="progressbar"
          style="width: 30px; height: 30px; --mdc-circular-progress-size: 30px; --mdc-circular-progress-active-indicator-width: 30px;"
          tabindex="-1"
        >
          <div
            aria-hidden="true"
            class="mdc-circular-progress__determinate-container"
          >
            <svg
              class="mdc-circular-progress__determinate-circle-graphic"
              focusable="false"
              viewBox="0 0 23 23"
              xmlns="http://www.w3.org/2000/svg"
            >
              <circle
                class="mdc-circular-progress__determinate-circle"
                cx="50%"
                cy="50%"
                r="10"
                style="stroke-dasharray: 62.83185307179586px; stroke-width: 10%;"
              />
            </svg>
          </div>
          <div
            aria-hidden="true"
            class="mdc-circular-progress__indeterminate-container"
          >
            <div
              class="mdc-circular-progress__spinner-layer"
            >
              <div
                class="mdc-circular-progress__circle-clipper mdc-circular-progress__circle-left"
              >
                <svg
                  class="mdc-circular-progress__indeterminate-circle-graphic"
                  focusable="false"
                  viewBox="0 0 23 23"
                  xmlns="http://www.w3.org/2000/svg"
                >
                  <circle
                    cx="50%"
                    cy="50%"
                    r="10"
                    style="stroke-dasharray: 62.83185307179586px; stroke-dashoffset: 31.41592653589793px; stroke-width: 10%;"
                  />
                </svg>
              </div>
              <div
                class="mdc-circular-progress__gap-patch"
              >
                <svg
                  class="mdc-circular-progress__indeterminate-circle-graphic"
                  focusable="false"
                  viewBox="0 0 23 23"
                  xmlns="http://www.w3.org/2000/svg"
                >
                  <circle
                    cx="50%"
                    cy="50%"
                    r="10"
                    style="stroke-dasharray: 62.83185307179586px; stroke-dashoffset: 31.41592653589793px; stroke-width: 10%;"
                  />
                </svg>
              </div>
              <div
                class="mdc-circular-progress__circle-clipper mdc-circular-progress__circle-right"
              >
                <svg
                  class="mdc-circular-progress__indeterminate-circle-graphic"
                  focusable="false"
                  viewBox="0 0 23 23"
                  xmlns="http://www.w3.org/2000/svg"
                >
                  <circle
                    cx="50%"
                    cy="50%"
                    r="10"
                    style="stroke-dasharray: 62.83185307179586px; stroke-dashoffset: 31.41592653589793px; stroke-width: 10%;"
                  />
                </svg>
              </div>
            </div>
          </div>
        </mat-spinner>
      </mat-card-content>
      <mat-card-footer
        class="mat-mdc-card-footer"
      >
      </mat-card-footer>
    </mat-card>
  </bc-book-search><bc-book-preview-list>
  </bc-book-preview-list>
</bc-find-book-page>
`;
