// Jest Snapshot v1, https://goo.gl/fbAQLP

exports[`Find Book Page should compile 1`] = `
<bc-find-book-page
  books$={[Function Store]}
  error$={[Function Store]}
  loading$={[Function Store]}
  searchQuery$={[Function Store]}
  store={[Function Store]}
>
  <bc-book-search
    _nghost-c0=""
    ng-reflect-error=""
    ng-reflect-query=""
    ng-reflect-searching="false"
  >
    <mat-card
      _ngcontent-c0=""
      class="mat-card"
    >
      <mat-card-title
        _ngcontent-c0=""
        class="mat-card-title"
      >
        Find a Book
      </mat-card-title>
      <mat-card-content
        _ngcontent-c0=""
        class="mat-card-content"
      >
        <mat-form-field
          _ngcontent-c0=""
          class="mat-form-field ng-tns-c3-0 mat-primary mat-form-field-type-mat-input mat-form-field-appearance-legacy mat-form-field-can-float mat-form-field-hide-placeholder _mat-animation-noopable"
        >
          <div
            class="mat-form-field-wrapper"
          >
            <div
              class="mat-form-field-flex"
            >
              
              
              <div
                class="mat-form-field-infix"
              >
                <input
                  _ngcontent-c0=""
                  aria-invalid="false"
                  aria-required="false"
                  class="mat-input-element mat-form-field-autofill-control cdk-text-field-autofill-monitored"
                  id="mat-input-0"
                  matinput=""
                  ng-reflect-placeholder="Search for a book"
                  ng-reflect-value=""
                  placeholder="Search for a book"
                />
                <span
                  class="mat-form-field-label-wrapper"
                >
                  
                  <label
                    aria-owns="mat-input-0"
                    class="mat-form-field-label ng-tns-c3-0 mat-empty mat-form-field-empty ng-star-inserted"
                    for="mat-input-0"
                    id="mat-form-field-label-1"
                    ng-reflect-disabled="true"
                    ng-reflect-ng-switch="false"
                  >
                    
                    
                    Search for a book
                    
                    
                  </label>
                </span>
              </div>
              
            </div>
            
            <div
              class="mat-form-field-underline ng-tns-c3-0 ng-star-inserted"
            >
              <span
                class="mat-form-field-ripple"
              />
            </div>
            <div
              class="mat-form-field-subscript-wrapper"
              ng-reflect-ng-switch="hint"
            >
              
              
              <div
                class="mat-form-field-hint-wrapper ng-tns-c3-0 ng-trigger ng-trigger-transitionMessages ng-star-inserted"
                style="opacity:1;0:opacity;transform:translateY(0%);"
              >
                
                <div
                  class="mat-form-field-hint-spacer"
                />
              </div>
            </div>
          </div>
        </mat-form-field>
        <mat-spinner
          _ngcontent-c0=""
          class="mat-spinner mat-progress-spinner mat-primary mat-progress-spinner-indeterminate-animation _mat-animation-noopable"
          mode="indeterminate"
          ng-reflect-diameter="30"
          ng-reflect-stroke-width="3"
          role="progressbar"
          style="width: 30px; height: 30px;"
        >
          <svg
            focusable="false"
            ng-reflect-ng-switch="true"
            preserveAspectRatio="xMidYMid meet"
            style="width: 30px; height: 30px;"
            viewBox="0 0 23 23"
          >
            
            <circle
              class="ng-star-inserted"
              cx="50%"
              cy="50%"
              r="10"
              style="stroke-dasharray: 62.83185307179586px; stroke-width: 10%;"
            />
            
          </svg>
        </mat-spinner>
      </mat-card-content>
      <mat-card-footer
        _ngcontent-c0=""
        class="mat-card-footer"
      >
        
      </mat-card-footer>
    </mat-card>
  </bc-book-search><bc-book-preview-list
    _nghost-c1=""
    ng-reflect-books=""
  >
    
  </bc-book-preview-list>
</bc-find-book-page>
`;
